// Jest Snapshot v1, https://goo.gl/fbAQLP

exports[`Matches PageLayout Snapshot 1`] = `
Object {
  "asFragment": [Function],
  "baseElement": <body>
    <div>
      <div
        class="relative flex flex-col w-full min-h-screen items-center"
      >
        <header
          class="flex w-full items-center max-w-screen-lg p-4"
        >
          <div
            class="
                        flex items-center
                        flex-col md:flex-row
                        justify-start md:justify-between 
                        w-full
                    "
          >
            <div
              class="flex items-center mb-1 lg:mb-0"
            >
              <span
                style="box-sizing: border-box; display: inline-block; overflow: hidden; background: none; opacity: 1; border: 0px; margin: 0px; padding: 0px; position: relative; max-width: 100%;"
              >
                <span
                  style="box-sizing: border-box; display: block; background: none; opacity: 1; border: 0px; margin: 0px; padding: 0px; max-width: 100%;"
                >
                  <img
                    alt=""
                    aria-hidden="true"
                    src="data:image/svg+xml,%3csvg%20xmlns=%27http://www.w3.org/2000/svg%27%20version=%271.1%27%20width=%27112%27%20height=%2733%27/%3e"
                    style="display: block; max-width: 100%; background: none; opacity: 1; border: 0px; margin: 0px; padding: 0px;"
                  />
                </span>
                <img
                  alt="Hasura Logo"
                  class="w-28"
                  data-nimg="intrinsic"
                  decoding="async"
                  src="data:image/gif;base64,R0lGODlhAQABAIAAAAAAAP///yH5BAEAAAAALAAAAAABAAEAAAIBRAA7"
                  style="position: absolute; top: 0px; left: 0px; bottom: 0px; right: 0px; box-sizing: border-box; padding: 0px; margin: auto; display: block; width: 0px; height: 0px; min-width: 100%; max-width: 100%; min-height: 100%; max-height: 100%;"
                />
                <noscript />
              </span>
            </div>
            <button
              class="flex items-center w-fit focus:outline-none rounded text-brandBlue-400 border border-brandBlue-400 hover:bg-brandBlue-100 h-9 px-2 text-md"
              data-testid="hasura-cloud-link"
              id="hasura-cloud-link"
            >
              Create Your API with Hasura Cloud
            </button>
          </div>
        </header>
        <main
          class="flex flex-col w-full max-w-screen-lg p-4"
        >
          <div>
            Test children
          </div>
        </main>
        <footer
          class="flex w-full h-auto max-w-screen-lg p-4"
        >
          <div
            class="w-full flex flex-col"
          >
            <span
              style="box-sizing: border-box; display: inline-block; overflow: hidden; background: none; opacity: 1; border: 0px; margin: 0px; padding: 0px; position: relative; max-width: 100%;"
            >
              <span
                style="box-sizing: border-box; display: block; background: none; opacity: 1; border: 0px; margin: 0px; padding: 0px; max-width: 100%;"
              >
                <img
                  alt=""
                  aria-hidden="true"
                  src="data:image/svg+xml,%3csvg%20xmlns=%27http://www.w3.org/2000/svg%27%20version=%271.1%27%20width=%2724%27%20height=%2724%27/%3e"
                  style="display: block; max-width: 100%; background: none; opacity: 1; border: 0px; margin: 0px; padding: 0px;"
                />
              </span>
              <img
                alt="Hasura Artwork"
                class="md:w-8/12 mx-auto mb-4"
                data-nimg="intrinsic"
                decoding="async"
                src="data:image/gif;base64,R0lGODlhAQABAIAAAAAAAP///yH5BAEAAAAALAAAAAABAAEAAAIBRAA7"
                style="position: absolute; top: 0px; left: 0px; bottom: 0px; right: 0px; box-sizing: border-box; padding: 0px; margin: auto; display: block; width: 0px; height: 0px; min-width: 100%; max-width: 100%; min-height: 100%; max-height: 100%;"
              />
              <noscript />
            </span>
            <div
              class="
                        flex items-center
                        flex-col md:flex-row
                        justify-start md:justify-between 
                        w-full
                    "
            >
              <div
                class="flex items-center mb-1 lg:mb-0"
              >
                <span
                  style="box-sizing: border-box; display: inline-block; overflow: hidden; background: none; opacity: 1; border: 0px; margin: 0px; padding: 0px; position: relative; max-width: 100%;"
                >
                  <span
                    style="box-sizing: border-box; display: block; background: none; opacity: 1; border: 0px; margin: 0px; padding: 0px; max-width: 100%;"
                  >
                    <img
                      alt=""
                      aria-hidden="true"
                      src="data:image/svg+xml,%3csvg%20xmlns=%27http://www.w3.org/2000/svg%27%20version=%271.1%27%20width=%2724%27%20height=%2724%27/%3e"
                      style="display: block; max-width: 100%; background: none; opacity: 1; border: 0px; margin: 0px; padding: 0px;"
                    />
                  </span>
                  <img
                    alt="Hasura Logo"
                    data-nimg="intrinsic"
                    decoding="async"
                    src="data:image/gif;base64,R0lGODlhAQABAIAAAAAAAP///yH5BAEAAAAALAAAAAABAAEAAAIBRAA7"
                    style="position: absolute; top: 0px; left: 0px; bottom: 0px; right: 0px; box-sizing: border-box; padding: 0px; margin: auto; display: block; width: 0px; height: 0px; min-width: 100%; max-width: 100%; min-height: 100%; max-height: 100%;"
                  />
                  <noscript />
                </span>
              </div>
              <p
                class="text-sm text-gray-600"
              >
                Â© 
                2022
                 Hasura Inc. All rights reserved
              </p>
            </div>
          </div>
        </footer>
      </div>
    </div>
  </body>,
  "container": <div>
    <div
      class="relative flex flex-col w-full min-h-screen items-center"
    >
      <header
        class="flex w-full items-center max-w-screen-lg p-4"
      >
        <div
          class="
                        flex items-center
                        flex-col md:flex-row
                        justify-start md:justify-between 
                        w-full
                    "
        >
          <div
            class="flex items-center mb-1 lg:mb-0"
          >
            <span
              style="box-sizing: border-box; display: inline-block; overflow: hidden; background: none; opacity: 1; border: 0px; margin: 0px; padding: 0px; position: relative; max-width: 100%;"
            >
              <span
                style="box-sizing: border-box; display: block; background: none; opacity: 1; border: 0px; margin: 0px; padding: 0px; max-width: 100%;"
              >
                <img
                  alt=""
                  aria-hidden="true"
                  src="data:image/svg+xml,%3csvg%20xmlns=%27http://www.w3.org/2000/svg%27%20version=%271.1%27%20width=%27112%27%20height=%2733%27/%3e"
                  style="display: block; max-width: 100%; background: none; opacity: 1; border: 0px; margin: 0px; padding: 0px;"
                />
              </span>
              <img
                alt="Hasura Logo"
                class="w-28"
                data-nimg="intrinsic"
                decoding="async"
                src="data:image/gif;base64,R0lGODlhAQABAIAAAAAAAP///yH5BAEAAAAALAAAAAABAAEAAAIBRAA7"
                style="position: absolute; top: 0px; left: 0px; bottom: 0px; right: 0px; box-sizing: border-box; padding: 0px; margin: auto; display: block; width: 0px; height: 0px; min-width: 100%; max-width: 100%; min-height: 100%; max-height: 100%;"
              />
              <noscript />
            </span>
          </div>
          <button
            class="flex items-center w-fit focus:outline-none rounded text-brandBlue-400 border border-brandBlue-400 hover:bg-brandBlue-100 h-9 px-2 text-md"
            data-testid="hasura-cloud-link"
            id="hasura-cloud-link"
          >
            Create Your API with Hasura Cloud
          </button>
        </div>
      </header>
      <main
        class="flex flex-col w-full max-w-screen-lg p-4"
      >
        <div>
          Test children
        </div>
      </main>
      <footer
        class="flex w-full h-auto max-w-screen-lg p-4"
      >
        <div
          class="w-full flex flex-col"
        >
          <span
            style="box-sizing: border-box; display: inline-block; overflow: hidden; background: none; opacity: 1; border: 0px; margin: 0px; padding: 0px; position: relative; max-width: 100%;"
          >
            <span
              style="box-sizing: border-box; display: block; background: none; opacity: 1; border: 0px; margin: 0px; padding: 0px; max-width: 100%;"
            >
              <img
                alt=""
                aria-hidden="true"
                src="data:image/svg+xml,%3csvg%20xmlns=%27http://www.w3.org/2000/svg%27%20version=%271.1%27%20width=%2724%27%20height=%2724%27/%3e"
                style="display: block; max-width: 100%; background: none; opacity: 1; border: 0px; margin: 0px; padding: 0px;"
              />
            </span>
            <img
              alt="Hasura Artwork"
              class="md:w-8/12 mx-auto mb-4"
              data-nimg="intrinsic"
              decoding="async"
              src="data:image/gif;base64,R0lGODlhAQABAIAAAAAAAP///yH5BAEAAAAALAAAAAABAAEAAAIBRAA7"
              style="position: absolute; top: 0px; left: 0px; bottom: 0px; right: 0px; box-sizing: border-box; padding: 0px; margin: auto; display: block; width: 0px; height: 0px; min-width: 100%; max-width: 100%; min-height: 100%; max-height: 100%;"
            />
            <noscript />
          </span>
          <div
            class="
                        flex items-center
                        flex-col md:flex-row
                        justify-start md:justify-between 
                        w-full
                    "
          >
            <div
              class="flex items-center mb-1 lg:mb-0"
            >
              <span
                style="box-sizing: border-box; display: inline-block; overflow: hidden; background: none; opacity: 1; border: 0px; margin: 0px; padding: 0px; position: relative; max-width: 100%;"
              >
                <span
                  style="box-sizing: border-box; display: block; background: none; opacity: 1; border: 0px; margin: 0px; padding: 0px; max-width: 100%;"
                >
                  <img
                    alt=""
                    aria-hidden="true"
                    src="data:image/svg+xml,%3csvg%20xmlns=%27http://www.w3.org/2000/svg%27%20version=%271.1%27%20width=%2724%27%20height=%2724%27/%3e"
                    style="display: block; max-width: 100%; background: none; opacity: 1; border: 0px; margin: 0px; padding: 0px;"
                  />
                </span>
                <img
                  alt="Hasura Logo"
                  data-nimg="intrinsic"
                  decoding="async"
                  src="data:image/gif;base64,R0lGODlhAQABAIAAAAAAAP///yH5BAEAAAAALAAAAAABAAEAAAIBRAA7"
                  style="position: absolute; top: 0px; left: 0px; bottom: 0px; right: 0px; box-sizing: border-box; padding: 0px; margin: auto; display: block; width: 0px; height: 0px; min-width: 100%; max-width: 100%; min-height: 100%; max-height: 100%;"
                />
                <noscript />
              </span>
            </div>
            <p
              class="text-sm text-gray-600"
            >
              Â© 
              2022
               Hasura Inc. All rights reserved
            </p>
          </div>
        </div>
      </footer>
    </div>
  </div>,
  "debug": [Function],
  "findAllByAltText": [Function],
  "findAllByDisplayValue": [Function],
  "findAllByLabelText": [Function],
  "findAllByPlaceholderText": [Function],
  "findAllByRole": [Function],
  "findAllByTestId": [Function],
  "findAllByText": [Function],
  "findAllByTitle": [Function],
  "findByAltText": [Function],
  "findByDisplayValue": [Function],
  "findByLabelText": [Function],
  "findByPlaceholderText": [Function],
  "findByRole": [Function],
  "findByTestId": [Function],
  "findByText": [Function],
  "findByTitle": [Function],
  "getAllByAltText": [Function],
  "getAllByDisplayValue": [Function],
  "getAllByLabelText": [Function],
  "getAllByPlaceholderText": [Function],
  "getAllByRole": [Function],
  "getAllByTestId": [Function],
  "getAllByText": [Function],
  "getAllByTitle": [Function],
  "getByAltText": [Function],
  "getByDisplayValue": [Function],
  "getByLabelText": [Function],
  "getByPlaceholderText": [Function],
  "getByRole": [Function],
  "getByTestId": [Function],
  "getByText": [Function],
  "getByTitle": [Function],
  "queryAllByAltText": [Function],
  "queryAllByDisplayValue": [Function],
  "queryAllByLabelText": [Function],
  "queryAllByPlaceholderText": [Function],
  "queryAllByRole": [Function],
  "queryAllByTestId": [Function],
  "queryAllByText": [Function],
  "queryAllByTitle": [Function],
  "queryByAltText": [Function],
  "queryByDisplayValue": [Function],
  "queryByLabelText": [Function],
  "queryByPlaceholderText": [Function],
  "queryByRole": [Function],
  "queryByTestId": [Function],
  "queryByText": [Function],
  "queryByTitle": [Function],
  "rerender": [Function],
  "unmount": [Function],
}
`;
